
> offer-wheel@0.1.0 build
> next build

Γû▓ Next.js 16.1.4 (Turbopack)
- Environments: .env

node.exe : ΓÜá The "middleware" file convention is deprecated. Please use "proxy" instead. Learn more: 
https://nextjs.org/docs/messages/middleware-to-proxy
At line:1 char:1
+ & "C:\Program Files\nodejs/node.exe" "C:\Program Files\nodejs/node_mo ...
+ ~~~~~~~~~~~~~~~~~~~~~~~~~~~~~~~~~~~~~~~~~~~~~~~~~~~~~~~~~~~~~~~~~~~~~
    + CategoryInfo          : NotSpecified: (ΓÜá The "middle...leware-to-proxy:String) [], RemoteException
    + FullyQualifiedErrorId : NativeCommandError
 
  Creating an optimized production build ...
Γ£ô Compiled successfully in 9.1s
  Skipping validation of types
  Collecting page data using 15 workers ...
  Generating static pages using 15 workers (0/80) ...
  Generating static pages using 15 workers (20/80) 
  Generating static pages using 15 workers (40/80) 
  Generating static pages using 15 workers (60/80) 
Γ£ô Generating static pages using 15 workers (80/80) in 485.7ms
  Finalizing page optimization ...

Route (app)
Γöî Γùï /
Γö£ Γùï /_not-found
Γö£ ╞Æ /[slug]
Γö£ Γùï /admin
Γö£ Γùï /admin/dashboard
Γö£ Γùï /admin/scanner
Γö£ Γùï /admin/signup
Γö£ Γùï /admin/super
Γö£ Γùï /admin/super/analytics
Γö£ Γùï /admin/super/audit-logs
Γö£ Γùï /admin/super/campaigns
Γö£ Γùï /admin/super/dashboard
Γö£ Γùï /admin/super/security
Γö£ Γùï /admin/super/vouchers
Γö£ Γùï /admin/super/whatsapp
Γö£ Γùï /admin/vouchers
Γö£ ╞Æ /api/admin/analytics
Γö£ ╞Æ /api/admin/analytics/users
Γö£ ╞Æ /api/admin/campaign
Γö£ ╞Æ /api/admin/campaigns
Γö£ ╞Æ /api/admin/campaigns/[id]/archive
Γö£ ╞Æ /api/admin/campaigns/check-limit
Γö£ ╞Æ /api/admin/export/campaign-users
Γö£ ╞Æ /api/admin/export/users
Γö£ ╞Æ /api/admin/landing-page
Γö£ ╞Æ /api/admin/landing-page/footer
Γö£ ╞Æ /api/admin/landing-page/offers
Γö£ ╞Æ /api/admin/landing-page/sections
Γö£ ╞Æ /api/admin/login
Γö£ ╞Æ /api/admin/prizes
Γö£ ╞Æ /api/admin/profile/password
Γö£ ╞Æ /api/admin/qr
Γö£ ╞Æ /api/admin/qr/branded
Γö£ ╞Æ /api/admin/referrals
Γö£ ╞Æ /api/admin/settings
Γö£ ╞Æ /api/admin/social-tasks
Γö£ ╞Æ /api/admin/stats
Γö£ ╞Æ /api/admin/stock-alerts
Γö£ ╞Æ /api/admin/super/analytics/platform
Γö£ ╞Æ /api/admin/super/analytics/tenants/comparison
Γö£ ╞Æ /api/admin/super/audit-logs
Γö£ ╞Æ /api/admin/super/billing/dashboard
Γö£ ╞Æ /api/admin/super/billing/renewals
Γö£ ╞Æ /api/admin/super/bulk/export
Γö£ ╞Æ /api/admin/super/bulk/grant-bonus
Γö£ ╞Æ /api/admin/super/bulk/plan-change
Γö£ ╞Æ /api/admin/super/campaigns
Γö£ ╞Æ /api/admin/super/campaigns/[id]/pause
Γö£ ╞Æ /api/admin/super/campaigns/[id]/unpause
Γö£ ╞Æ /api/admin/super/plans
Γö£ ╞Æ /api/admin/super/security/dashboard
Γö£ ╞Æ /api/admin/super/settings
Γö£ ╞Æ /api/admin/super/stats
Γö£ ╞Æ /api/admin/super/templates
Γö£ ╞Æ /api/admin/super/tenants
Γö£ ╞Æ /api/admin/super/tenants/[id]/lock
Γö£ ╞Æ /api/admin/super/tenants/[id]/overrides
Γö£ ╞Æ /api/admin/super/tenants/[id]/unlock
Γö£ ╞Æ /api/admin/super/tenants/[id]/usage
Γö£ ╞Æ /api/admin/super/tenants/[id]/usage/reset
Γö£ ╞Æ /api/admin/super/usage/platform
Γö£ ╞Æ /api/admin/super/vouchers
Γö£ ╞Æ /api/admin/super/vouchers/[id]/void
Γö£ ╞Æ /api/admin/super/vouchers/export
Γö£ ╞Æ /api/admin/super/whatsapp/status
Γö£ ╞Æ /api/admin/upload
Γö£ ╞Æ /api/admin/usage
Γö£ ╞Æ /api/auth/register
Γö£ ╞Æ /api/campaigns
Γö£ ╞Æ /api/cron/reset-monthly-limits
Γö£ ╞Æ /api/cron/verify-social-tasks
Γö£ ╞Æ /api/landing-page/[campaignId]
Γö£ ╞Æ /api/leaderboard
Γö£ ╞Æ /api/leaderboard/live
Γö£ ╞Æ /api/otp/send
Γö£ ╞Æ /api/otp/verify
Γö£ ╞Æ /api/social-tasks
Γö£ ╞Æ /api/social-tasks/click
Γö£ ╞Æ /api/social-tasks/complete
Γö£ ╞Æ /api/social-tasks/verify
Γö£ ╞Æ /api/social/stats
Γö£ ╞Æ /api/spin
Γö£ ╞Æ /api/uploadthing
Γö£ ╞Æ /api/user
Γö£ ╞Æ /api/user/share-action
Γö£ ╞Æ /api/user/status
Γö£ ╞Æ /api/vouchers
Γö£ ╞Æ /api/vouchers/lookup-phone
Γö£ ╞Æ /api/vouchers/redeem
Γö£ ╞Æ /api/vouchers/validate
Γöö ╞Æ /landing/[campaignId]


╞Æ Proxy (Middleware)

Γùï  (Static)   prerendered as static content
╞Æ  (Dynamic)  server-rendered on demand

